// Jest Snapshot v1, https://goo.gl/fbAQLP

exports[`renders addition 1`] = `
<div
  id="Board"
>
  <h2>
     "Demo Calc Test" 
  </h2>
  <div>
    23 + 4 
  </div>
  <div
    className="board-row"
  >
    <button
      className="square"
      onClick={[Function]}
    >
      0
    </button>
    <button
      className="square"
      onClick={[Function]}
    >
      1
    </button>
    <button
      className="square"
      onClick={[Function]}
    >
      2
    </button>
    <button
      className="square"
      onClick={[Function]}
    >
      +
    </button>
  </div>
  <div
    className="board-row"
  >
    <button
      className="square"
      onClick={[Function]}
    >
      3
    </button>
    <button
      className="square"
      onClick={[Function]}
    >
      4
    </button>
    <button
      className="square"
      onClick={[Function]}
    >
      5
    </button>
    <button
      className="square"
      onClick={[Function]}
    >
      -
    </button>
    <button
      className="square"
      onClick={[Function]}
    >
      clr
    </button>
  </div>
  <div
    className="board-row"
  >
    <button
      className="square"
      onClick={[Function]}
    >
      6
    </button>
    <button
      className="square"
      onClick={[Function]}
    >
      7
    </button>
    <button
      className="square"
      onClick={[Function]}
    >
      8
    </button>
    <button
      className="square"
      onClick={[Function]}
    >
      9
    </button>
    <button
      className="square"
      onClick={[Function]}
    >
      =
    </button>
  </div>
  <h3>
    Total: 
    0
  </h3>
</div>
`;
